------------------------------------------------------------
Timing Analyzer Summary
------------------------------------------------------------

Type  : Slow 1200mV 85C Model Setup 'iLCDgenerator|iLCDpll|altpll_component|auto_generated|pll1|clk[0]'
Slack : 12.097
TNS   : 0.000

Type  : Slow 1200mV 85C Model Setup 'CLOCK_50'
Slack : 12.581
TNS   : 0.000

Type  : Slow 1200mV 85C Model Hold 'CLOCK_50'
Slack : 0.401
TNS   : 0.000

Type  : Slow 1200mV 85C Model Hold 'iLCDgenerator|iLCDpll|altpll_component|auto_generated|pll1|clk[0]'
Slack : 0.402
TNS   : 0.000

Type  : Slow 1200mV 85C Model Minimum Pulse Width 'CLOCK_50'
Slack : 9.591
TNS   : 0.000

Type  : Slow 1200mV 85C Model Minimum Pulse Width 'iLCDgenerator|iLCDpll|altpll_component|auto_generated|pll1|clk[0]'
Slack : 14.858
TNS   : 0.000

Type  : Slow 1200mV 85C Model Minimum Pulse Width 'LCD_DCLK'
Slack : 26.093
TNS   : 0.000

Type  : Slow 1200mV 85C Model Minimum Pulse Width 'TOUCH_I2C_SCL'
Slack : 6245.790
TNS   : 0.000

Type  : Slow 1200mV 0C Model Setup 'iLCDgenerator|iLCDpll|altpll_component|auto_generated|pll1|clk[0]'
Slack : 12.350
TNS   : 0.000

Type  : Slow 1200mV 0C Model Setup 'CLOCK_50'
Slack : 13.241
TNS   : 0.000

Type  : Slow 1200mV 0C Model Hold 'CLOCK_50'
Slack : 0.353
TNS   : 0.000

Type  : Slow 1200mV 0C Model Hold 'iLCDgenerator|iLCDpll|altpll_component|auto_generated|pll1|clk[0]'
Slack : 0.353
TNS   : 0.000

Type  : Slow 1200mV 0C Model Minimum Pulse Width 'CLOCK_50'
Slack : 9.593
TNS   : 0.000

Type  : Slow 1200mV 0C Model Minimum Pulse Width 'iLCDgenerator|iLCDpll|altpll_component|auto_generated|pll1|clk[0]'
Slack : 14.861
TNS   : 0.000

Type  : Slow 1200mV 0C Model Minimum Pulse Width 'LCD_DCLK'
Slack : 26.093
TNS   : 0.000

Type  : Slow 1200mV 0C Model Minimum Pulse Width 'TOUCH_I2C_SCL'
Slack : 6245.790
TNS   : 0.000

Type  : Fast 1200mV 0C Model Setup 'iLCDgenerator|iLCDpll|altpll_component|auto_generated|pll1|clk[0]'
Slack : 13.663
TNS   : 0.000

Type  : Fast 1200mV 0C Model Setup 'CLOCK_50'
Slack : 16.338
TNS   : 0.000

Type  : Fast 1200mV 0C Model Hold 'CLOCK_50'
Slack : 0.181
TNS   : 0.000

Type  : Fast 1200mV 0C Model Hold 'iLCDgenerator|iLCDpll|altpll_component|auto_generated|pll1|clk[0]'
Slack : 0.181
TNS   : 0.000

Type  : Fast 1200mV 0C Model Minimum Pulse Width 'CLOCK_50'
Slack : 9.242
TNS   : 0.000

Type  : Fast 1200mV 0C Model Minimum Pulse Width 'iLCDgenerator|iLCDpll|altpll_component|auto_generated|pll1|clk[0]'
Slack : 14.925
TNS   : 0.000

Type  : Fast 1200mV 0C Model Minimum Pulse Width 'LCD_DCLK'
Slack : 26.303
TNS   : 0.000

Type  : Fast 1200mV 0C Model Minimum Pulse Width 'TOUCH_I2C_SCL'
Slack : 6246.000
TNS   : 0.000

------------------------------------------------------------
